[?2026$p[?1049h[?25l[?2004h[?1002h[?1006h[=1;1u[?u[H[2J ┌─────┐
 │ KAN │
 └─────┘
 ──────────────────────────────────────────────────────────────────────────────────────────────
 path: Inbox

 ╭─────────────────────────────────────────────────────╮ ╭────────────────────────────────────╮
 │                                                     │ │                                    │
 │  To Do (1)                                          │ │ Notices                            │
 │  │  Golden board task                               │ │ project: Inbox                     │
 │     [medium|#alpha,#beta]                           │ │ path: Inbox                        │
 │                                                     │ │                                    │
 │                                                     │ │ Warnings                           │
 │                                                     │ │ none                               │
 │                                                     │ │                                    │
 │                                                     │ │ Agent/User Action                  │
 │                                                     │ │ no unresolved notices              │
 │                                                     │ │                                    │
 │                                                     │ │ Selection                          │
 │                                                     │ │ Golden board task                  │
 │                                                     │ │ [medium|#alpha,#beta]              │
 │                                                     │ │                                    │
 ╰─────────────────────────────────────────────────────╯ │ Recent Activity                    │[24;58H│ (no activity yet)                  │[25;58H│                                    │[26;58H│ g opens full activity log          │
…
 n new task • s new subtask • i/enter task info • e edit task • f focus subtree …[?1049l[?25h[?2004l[?1002l[?1003l[?1006l[=0;1u