[?2026$p[?1049h[?25l[?2004h[?1002h[?1006h[=1;1u[?u[H[2Jkan  Inbox  [normal]

╭────────────────────────────────────────╮
│[40X[4;42H│
│  To Do (1)[29X[5;42H│
│  > │ Golden board task[17X[6;42H│
│    │ [medium|#alpha,#beta][13X[7;42H│
│[40X[8;42H│
│[40X[9;42H│
│[40X[10;42H│
│[40X[11;42H│
│[40X[12;42H│
│[40X[13;42H│
│[40X[14;42H│
│[40X[15;42H│
│[40X[16;42H│
│[40X[17;42H│
│[40X[18;42H│
│[40X[19;42H│
│[40X[20;42H│
│[40X[21;42H│
│[40X[22;42H│
╰────────────────────────────────────────╯
project: Inbox • tasks: 1 • selected: Golden board task[4B n new task • i/enter task info • e edit task • N new project • : command palette …[?1049l[?25h[?2004l[?1002l[?1003l[?1006l[=0;1u