[?2026$p[?25l[?2004h[?1002h[?1006h[=1;1u[?u[Jkan  Inbox  [normal]

╭────────────────────────────────────────╮
│ To Do[34X[34C│
│ > Golden board … [medium|#alpha,#beta] │
╰────────────────────────────────────────╯

┌────────────────────────────────────────────────────────────────────────────────────────────┐
│ Task Details[79X[79C│
│ Golden board task[74X[74C│
│ priority: medium  due: -  labels: alpha, beta[46X[46C│
└────────────────────────────────────────────────────────────────────────────────────────────┘
ready














 n new task • e edit task • h/← column left • l/→ column right • k/↑ task up • j/↓ task down …[J[?25h[?2004l[?1002l[?1003l[?1006l[=0;1u